> Task :app:checkKotlinGradlePluginConfigurationErrors SKIPPED
> Task :app:preBuild UP-TO-DATE
> Task :app:preDebugBuild UP-TO-DATE
> Task :app:generateDebugBuildConfig UP-TO-DATE
> Task :app:checkDebugAarMetadata UP-TO-DATE
> Task :app:processDebugNavigationResources UP-TO-DATE
> Task :app:compileDebugNavigationResources UP-TO-DATE
> Task :app:generateDebugResValues UP-TO-DATE
> Task :app:mapDebugSourceSetPaths UP-TO-DATE
> Task :app:generateDebugResources UP-TO-DATE
> Task :app:mergeDebugResources UP-TO-DATE
> Task :app:packageDebugResources UP-TO-DATE
> Task :app:parseDebugLocalResources UP-TO-DATE
> Task :app:createDebugCompatibleScreenManifests UP-TO-DATE
> Task :app:extractDeepLinksDebug UP-TO-DATE
> Task :app:processDebugMainManifest UP-TO-DATE
> Task :app:processDebugManifest UP-TO-DATE
> Task :app:processDebugManifestForPackage UP-TO-DATE
> Task :app:processDebugResources UP-TO-DATE
> Task :app:compileDebugKotlin

> Task :app:compileDebugKotlin FAILED
.\gradlew : e: file:///C:/Users/gland/Desktop/TERCERO/SEGUNDO%20CUATRI/P.SOFT/reversi_workspace/reversi_workspace/rever
si_Frontend-Movil/app/src/main/java/com/example/random_reversi/ui/screens/MainScreen.kt:187:22 None of the following 
candidates is applicable:
En línea: 1 Carácter: 1
+ .\gradlew :app:compileDebugKotlin > compile_output.txt 2>&1
+ ~~~~~~~~~~~~~~~~~~~~~~~~~~~~~~~~~~~~~~~~~~~~~~~~~~~~~~~~~~~
    + CategoryInfo          : NotSpecified: (e: file:///C:/U... is applicable::String) [], RemoteException
    + FullyQualifiedErrorId : NativeCommandError
 
fun Modifier.padding(paddingValues: PaddingValues): Modifier
fun Modifier.padding(all: Dp): Modifier
fun Modifier.padding(horizontal: Dp = ..., vertical: Dp = ...): Modifier
fun Modifier.padding(start: Dp = ..., top: Dp = ..., end: Dp = ..., bottom: Dp = ...): Modifier

FAILURE: Build failed with an exception.

* What went wrong:
Execution failed for task ':app:compileDebugKotlin'.
> A failure occurred while executing 
org.jetbrains.kotlin.compilerRunner.GradleCompilerRunnerWithWorkers$GradleKotlinCompilerWorkAction
   > Compilation error. See log for more details

* Try:
> Run with --stacktrace option to get the stack trace.
> Run with --info or --debug option to get more log output.
> Run with --scan to get full insights.
> Get more help at https://help.gradle.org.

BUILD FAILED in 1m 18s
17 actionable tasks: 1 executed, 16 up-to-date
